{"timestamp": "2025-09-08T13:46:34+0300", "level": "INFO", "message": "Starting TSPO Chat Backend in api mode", "name": "tspo", "module": "run_server"}
{"timestamp": "2025-09-08T13:46:34+0300", "level": "INFO", "message": "Starting FastAPI server on 0.0.0.0:8000", "name": "tspo", "module": "run_server"}
{"timestamp": "2025-09-08T13:46:35+0300", "level": "INFO", "message": "Storage initialized", "name": "tspo", "module": "memory"}
{"timestamp": "2025-09-08T13:46:35+0300", "level": "INFO", "message": "Starting TSPO Chat API...", "name": "tspo", "module": "main"}
{"timestamp": "2025-09-08T13:46:43+0300", "level": "INFO", "message": "WS.connect: sender=Lior room=general", "name": "tspo", "module": "ws"}
{"timestamp": "2025-09-08T13:46:43+0300", "level": "INFO", "message": "API messages.get: room=general since_ts=None after_id=None limit=50 sender=None", "name": "tspo", "module": "messages"}
{"timestamp": "2025-09-08T13:46:43+0300", "level": "INFO", "message": "API messages.get.ok: count=0 has_more=False", "name": "tspo", "module": "messages"}
{"timestamp": "2025-09-08T13:46:43+0300", "level": "INFO", "message": "API messages.get: room=general since_ts=None after_id=None limit=50 sender=None", "name": "tspo", "module": "messages"}
{"timestamp": "2025-09-08T13:46:43+0300", "level": "INFO", "message": "API messages.get.ok: count=0 has_more=False", "name": "tspo", "module": "messages"}
{"timestamp": "2025-09-08T13:46:43+0300", "level": "INFO", "message": "WS.connect: sender=Lior room=general", "name": "tspo", "module": "ws"}
{"timestamp": "2025-09-08T13:46:51+0300", "level": "INFO", "message": "WS.disconnect: sender=Lior room=general", "name": "tspo", "module": "ws"}
{"timestamp": "2025-09-08T13:46:51+0300", "level": "INFO", "message": "WS.connect: sender=Lior room=general", "name": "tspo", "module": "ws"}
{"timestamp": "2025-09-08T13:46:51+0300", "level": "INFO", "message": "API messages.get: room=general since_ts=None after_id=None limit=50 sender=None", "name": "tspo", "module": "messages"}
{"timestamp": "2025-09-08T13:46:51+0300", "level": "INFO", "message": "API messages.get.ok: count=0 has_more=False", "name": "tspo", "module": "messages"}
{"timestamp": "2025-09-08T13:46:51+0300", "level": "INFO", "message": "API messages.get: room=general since_ts=None after_id=None limit=50 sender=None", "name": "tspo", "module": "messages"}
{"timestamp": "2025-09-08T13:46:51+0300", "level": "INFO", "message": "API messages.get.ok: count=0 has_more=False", "name": "tspo", "module": "messages"}
{"timestamp": "2025-09-08T13:46:51+0300", "level": "INFO", "message": "WS.connect: sender=Lior room=general", "name": "tspo", "module": "ws"}
{"timestamp": "2025-09-08T13:47:58+0300", "level": "INFO", "message": "API messages.get: room=general since_ts=None after_id=None limit=50 sender=None", "name": "tspo", "module": "messages"}
{"timestamp": "2025-09-08T13:47:58+0300", "level": "INFO", "message": "API messages.get.ok: count=2 has_more=False", "name": "tspo", "module": "messages"}
{"timestamp": "2025-09-08T13:47:58+0300", "level": "INFO", "message": "WS.connect: sender=Noa room=general", "name": "tspo", "module": "ws"}
{"timestamp": "2025-09-08T13:47:58+0300", "level": "INFO", "message": "API messages.get: room=general since_ts=None after_id=None limit=50 sender=None", "name": "tspo", "module": "messages"}
{"timestamp": "2025-09-08T13:47:58+0300", "level": "INFO", "message": "API messages.get.ok: count=2 has_more=False", "name": "tspo", "module": "messages"}
{"timestamp": "2025-09-08T13:48:10+0300", "level": "INFO", "message": "WS.connect: sender=Noa room=general", "name": "tspo", "module": "ws"}
{"timestamp": "2025-09-08T13:48:10+0300", "level": "INFO", "message": "WS.disconnect: sender=Noa room=general", "name": "tspo", "module": "ws"}
{"timestamp": "2025-09-08T13:48:11+0300", "level": "INFO", "message": "WS.disconnect: sender=Lior room=general", "name": "tspo", "module": "ws"}
{"timestamp": "2025-09-08T13:48:11+0300", "level": "INFO", "message": "WS.connect: sender=Lior room=general", "name": "tspo", "module": "ws"}
{"timestamp": "2025-09-08T13:48:43+0300", "level": "INFO", "message": "Received signal 2, shutting down...", "name": "tspo", "module": "main"}
{"timestamp": "2025-09-08T13:49:35+0300", "level": "INFO", "message": "Starting TSPO Chat Backend in api mode", "name": "tspo", "module": "run_server"}
{"timestamp": "2025-09-08T13:49:35+0300", "level": "INFO", "message": "Starting FastAPI server on 0.0.0.0:8000", "name": "tspo", "module": "run_server"}
{"timestamp": "2025-09-08T13:49:35+0300", "level": "INFO", "message": "Storage initialized", "name": "tspo", "module": "memory"}
{"timestamp": "2025-09-08T13:49:35+0300", "level": "INFO", "message": "Starting TSPO Chat API...", "name": "tspo", "module": "main"}
{"timestamp": "2025-09-08T13:49:41+0300", "level": "INFO", "message": "WS.connect: sender=Lior room=general", "name": "tspo", "module": "ws"}
{"timestamp": "2025-09-08T13:49:41+0300", "level": "INFO", "message": "API messages.get: room=general since_ts=None after_id=None limit=50 sender=None", "name": "tspo", "module": "messages"}
{"timestamp": "2025-09-08T13:49:41+0300", "level": "INFO", "message": "API messages.get.ok: count=0 has_more=False", "name": "tspo", "module": "messages"}
{"timestamp": "2025-09-08T13:49:41+0300", "level": "INFO", "message": "WS.connect: sender=Lior room=general", "name": "tspo", "module": "ws"}
{"timestamp": "2025-09-08T13:49:41+0300", "level": "INFO", "message": "API messages.get: room=general since_ts=None after_id=None limit=50 sender=None", "name": "tspo", "module": "messages"}
{"timestamp": "2025-09-08T13:49:41+0300", "level": "INFO", "message": "API messages.get.ok: count=0 has_more=False", "name": "tspo", "module": "messages"}
{"timestamp": "2025-09-08T13:49:45+0300", "level": "INFO", "message": "API messages.get: room=general since_ts=None after_id=None limit=50 sender=None", "name": "tspo", "module": "messages"}
{"timestamp": "2025-09-08T13:49:45+0300", "level": "INFO", "message": "API messages.get.ok: count=0 has_more=False", "name": "tspo", "module": "messages"}
{"timestamp": "2025-09-08T13:49:45+0300", "level": "INFO", "message": "API messages.get: room=general since_ts=None after_id=None limit=50 sender=None", "name": "tspo", "module": "messages"}
{"timestamp": "2025-09-08T13:49:45+0300", "level": "INFO", "message": "API messages.get.ok: count=0 has_more=False", "name": "tspo", "module": "messages"}
{"timestamp": "2025-09-08T13:49:46+0300", "level": "INFO", "message": "WS.connect: sender=Noa room=general", "name": "tspo", "module": "ws"}
